Feature: Report Generation Validation # features/reports.feature:1
  As a HR administrator
  I want to generate employee reports in OrangeHRM
  So that I can analyze and track employee data
  Background:   # features/reports.feature:6

  @reports @generation
  Scenario: Employee Report Generation                            # features/reports.feature:11
    Given I am logged into OrangeHRM                              # steps/search_steps.py:10
    And I navigate to the Reports page                            # steps/report_steps.py:8
      Traceback (most recent call last):
        File "D:\Senait Doc\Portfolio Doc\orangehrm-playwright-bdd-automation\venv\Lib\site-packages\behave\model.py", line 1329, in run
          match.run(runner.context)
        File "D:\Senait Doc\Portfolio Doc\orangehrm-playwright-bdd-automation\venv\Lib\site-packages\behave\matchers.py", line 98, in run
          self.func(context, *args, **kwargs)
        File "steps\report_steps.py", line 12, in step_navigate_to_reports
          context.reports_page.navigate_to_reports()
        File "D:\Senait Doc\Portfolio Doc\orangehrm-playwright-bdd-automation\pages\reports_page.py", line 40, in navigate_to_reports
          wait_for_element_visible(self.page, self.reports_menu)
        File "D:\Senait Doc\Portfolio Doc\orangehrm-playwright-bdd-automation\utils\helpers.py", line 41, in wait_for_element_visible
          page.wait_for_selector(selector, state="visible", timeout=timeout)
        File "D:\Senait Doc\Portfolio Doc\orangehrm-playwright-bdd-automation\venv\Lib\site-packages\playwright\sync_api\_generated.py", line 8334, in wait_for_selector
          self._sync(
        File "D:\Senait Doc\Portfolio Doc\orangehrm-playwright-bdd-automation\venv\Lib\site-packages\playwright\_impl\_sync_base.py", line 115, in _sync
          return task.result()
                 ^^^^^^^^^^^^^
        File "D:\Senait Doc\Portfolio Doc\orangehrm-playwright-bdd-automation\venv\Lib\site-packages\playwright\_impl\_page.py", line 348, in wait_for_selector
          return await self._main_frame.wait_for_selector(**locals_to_params(locals()))
                 ^^^^^^^^^^^^^^^^^^^^^^^^^^^^^^^^^^^^^^^^^^^^^^^^^^^^^^^^^^^^^^^^^^^^^^
        File "D:\Senait Doc\Portfolio Doc\orangehrm-playwright-bdd-automation\venv\Lib\site-packages\playwright\_impl\_frame.py", line 317, in wait_for_selector
          await self._channel.send("waitForSelector", locals_to_params(locals()))
        File "D:\Senait Doc\Portfolio Doc\orangehrm-playwright-bdd-automation\venv\Lib\site-packages\playwright\_impl\_connection.py", line 62, in send
          return await self._connection.wrap_api_call(
                 ^^^^^^^^^^^^^^^^^^^^^^^^^^^^^^^^^^^^^
        File "D:\Senait Doc\Portfolio Doc\orangehrm-playwright-bdd-automation\venv\Lib\site-packages\playwright\_impl\_connection.py", line 492, in wrap_api_call
          return await cb()
                 ^^^^^^^^^^
        File "D:\Senait Doc\Portfolio Doc\orangehrm-playwright-bdd-automation\venv\Lib\site-packages\playwright\_impl\_connection.py", line 100, in inner_send
          result = next(iter(done)).result()
                   ^^^^^^^^^^^^^^^^^^^^^^^^^
      playwright._impl._errors.TimeoutError: Timeout 30000ms exceeded.

    When I generate an employee report                            # None
    Then the report should be generated successfully              # None
    And the report should display employee data in a table format # None

  @reports @filtered
  Scenario: Filtered Report Accuracy                          # features/reports.feature:17
    Given I am logged into OrangeHRM                          # steps/search_steps.py:10
      Traceback (most recent call last):
        File "D:\Senait Doc\Portfolio Doc\orangehrm-playwright-bdd-automation\venv\Lib\site-packages\behave\model.py", line 1329, in run
          match.run(runner.context)
        File "D:\Senait Doc\Portfolio Doc\orangehrm-playwright-bdd-automation\venv\Lib\site-packages\behave\matchers.py", line 98, in run
          self.func(context, *args, **kwargs)
        File "steps\search_steps.py", line 15, in step_login
          login_page.login(USERNAME, PASSWORD)
        File "D:\Senait Doc\Portfolio Doc\orangehrm-playwright-bdd-automation\pages\login_page.py", line 35, in login
          wait_for_element_visible(self.page, self.username_input)
        File "D:\Senait Doc\Portfolio Doc\orangehrm-playwright-bdd-automation\utils\helpers.py", line 41, in wait_for_element_visible
          page.wait_for_selector(selector, state="visible", timeout=timeout)
        File "D:\Senait Doc\Portfolio Doc\orangehrm-playwright-bdd-automation\venv\Lib\site-packages\playwright\sync_api\_generated.py", line 8334, in wait_for_selector
          self._sync(
        File "D:\Senait Doc\Portfolio Doc\orangehrm-playwright-bdd-automation\venv\Lib\site-packages\playwright\_impl\_sync_base.py", line 115, in _sync
          return task.result()
                 ^^^^^^^^^^^^^
        File "D:\Senait Doc\Portfolio Doc\orangehrm-playwright-bdd-automation\venv\Lib\site-packages\playwright\_impl\_page.py", line 348, in wait_for_selector
          return await self._main_frame.wait_for_selector(**locals_to_params(locals()))
                 ^^^^^^^^^^^^^^^^^^^^^^^^^^^^^^^^^^^^^^^^^^^^^^^^^^^^^^^^^^^^^^^^^^^^^^
        File "D:\Senait Doc\Portfolio Doc\orangehrm-playwright-bdd-automation\venv\Lib\site-packages\playwright\_impl\_frame.py", line 317, in wait_for_selector
          await self._channel.send("waitForSelector", locals_to_params(locals()))
        File "D:\Senait Doc\Portfolio Doc\orangehrm-playwright-bdd-automation\venv\Lib\site-packages\playwright\_impl\_connection.py", line 62, in send
          return await self._connection.wrap_api_call(
                 ^^^^^^^^^^^^^^^^^^^^^^^^^^^^^^^^^^^^^
        File "D:\Senait Doc\Portfolio Doc\orangehrm-playwright-bdd-automation\venv\Lib\site-packages\playwright\_impl\_connection.py", line 492, in wrap_api_call
          return await cb()
                 ^^^^^^^^^^
        File "D:\Senait Doc\Portfolio Doc\orangehrm-playwright-bdd-automation\venv\Lib\site-packages\playwright\_impl\_connection.py", line 100, in inner_send
          result = next(iter(done)).result()
                   ^^^^^^^^^^^^^^^^^^^^^^^^^
      playwright._impl._errors.TimeoutError: Timeout 30000ms exceeded.

    And I navigate to the Reports page                        # None
    When I generate a report with employee name filter "John" # None
    Then the report should be generated successfully          # None
    And the report results should match the applied filter    # None

  @reports @error
  Scenario: Invalid Input / Error Handling                          # features/reports.feature:23
    Given I am logged into OrangeHRM                                # steps/search_steps.py:10
      Traceback (most recent call last):
        File "D:\Senait Doc\Portfolio Doc\orangehrm-playwright-bdd-automation\venv\Lib\site-packages\behave\model.py", line 1329, in run
          match.run(runner.context)
        File "D:\Senait Doc\Portfolio Doc\orangehrm-playwright-bdd-automation\venv\Lib\site-packages\behave\matchers.py", line 98, in run
          self.func(context, *args, **kwargs)
        File "steps\search_steps.py", line 15, in step_login
          login_page.login(USERNAME, PASSWORD)
        File "D:\Senait Doc\Portfolio Doc\orangehrm-playwright-bdd-automation\pages\login_page.py", line 35, in login
          wait_for_element_visible(self.page, self.username_input)
        File "D:\Senait Doc\Portfolio Doc\orangehrm-playwright-bdd-automation\utils\helpers.py", line 41, in wait_for_element_visible
          page.wait_for_selector(selector, state="visible", timeout=timeout)
        File "D:\Senait Doc\Portfolio Doc\orangehrm-playwright-bdd-automation\venv\Lib\site-packages\playwright\sync_api\_generated.py", line 8334, in wait_for_selector
          self._sync(
        File "D:\Senait Doc\Portfolio Doc\orangehrm-playwright-bdd-automation\venv\Lib\site-packages\playwright\_impl\_sync_base.py", line 115, in _sync
          return task.result()
                 ^^^^^^^^^^^^^
        File "D:\Senait Doc\Portfolio Doc\orangehrm-playwright-bdd-automation\venv\Lib\site-packages\playwright\_impl\_page.py", line 348, in wait_for_selector
          return await self._main_frame.wait_for_selector(**locals_to_params(locals()))
                 ^^^^^^^^^^^^^^^^^^^^^^^^^^^^^^^^^^^^^^^^^^^^^^^^^^^^^^^^^^^^^^^^^^^^^^
        File "D:\Senait Doc\Portfolio Doc\orangehrm-playwright-bdd-automation\venv\Lib\site-packages\playwright\_impl\_frame.py", line 317, in wait_for_selector
          await self._channel.send("waitForSelector", locals_to_params(locals()))
        File "D:\Senait Doc\Portfolio Doc\orangehrm-playwright-bdd-automation\venv\Lib\site-packages\playwright\_impl\_connection.py", line 62, in send
          return await self._connection.wrap_api_call(
                 ^^^^^^^^^^^^^^^^^^^^^^^^^^^^^^^^^^^^^
        File "D:\Senait Doc\Portfolio Doc\orangehrm-playwright-bdd-automation\venv\Lib\site-packages\playwright\_impl\_connection.py", line 492, in wrap_api_call
          return await cb()
                 ^^^^^^^^^^
        File "D:\Senait Doc\Portfolio Doc\orangehrm-playwright-bdd-automation\venv\Lib\site-packages\playwright\_impl\_connection.py", line 100, in inner_send
          result = next(iter(done)).result()
                   ^^^^^^^^^^^^^^^^^^^^^^^^^
      playwright._impl._errors.TimeoutError: Timeout 30000ms exceeded.

    And I navigate to the Reports page                              # None
    When I attempt to generate a report with invalid or empty input # None
    Then an appropriate error message should be displayed           # None
    And the system should handle the error gracefully               # None

Feature: Employee Search Validation # features/search.feature:1
  As a HR administrator
  I want to search for employees in OrangeHRM
  So that I can find and manage employee records efficiently
  Background:   # features/search.feature:6

  @search @valid
  Scenario: Valid Employee Search                                  # features/search.feature:11
    Given I am logged into OrangeHRM                               # steps/search_steps.py:10
      Traceback (most recent call last):
        File "D:\Senait Doc\Portfolio Doc\orangehrm-playwright-bdd-automation\venv\Lib\site-packages\behave\model.py", line 1329, in run
          match.run(runner.context)
        File "D:\Senait Doc\Portfolio Doc\orangehrm-playwright-bdd-automation\venv\Lib\site-packages\behave\matchers.py", line 98, in run
          self.func(context, *args, **kwargs)
        File "steps\search_steps.py", line 15, in step_login
          login_page.login(USERNAME, PASSWORD)
        File "D:\Senait Doc\Portfolio Doc\orangehrm-playwright-bdd-automation\pages\login_page.py", line 35, in login
          wait_for_element_visible(self.page, self.username_input)
        File "D:\Senait Doc\Portfolio Doc\orangehrm-playwright-bdd-automation\utils\helpers.py", line 41, in wait_for_element_visible
          page.wait_for_selector(selector, state="visible", timeout=timeout)
        File "D:\Senait Doc\Portfolio Doc\orangehrm-playwright-bdd-automation\venv\Lib\site-packages\playwright\sync_api\_generated.py", line 8334, in wait_for_selector
          self._sync(
        File "D:\Senait Doc\Portfolio Doc\orangehrm-playwright-bdd-automation\venv\Lib\site-packages\playwright\_impl\_sync_base.py", line 115, in _sync
          return task.result()
                 ^^^^^^^^^^^^^
        File "D:\Senait Doc\Portfolio Doc\orangehrm-playwright-bdd-automation\venv\Lib\site-packages\playwright\_impl\_page.py", line 348, in wait_for_selector
          return await self._main_frame.wait_for_selector(**locals_to_params(locals()))
                 ^^^^^^^^^^^^^^^^^^^^^^^^^^^^^^^^^^^^^^^^^^^^^^^^^^^^^^^^^^^^^^^^^^^^^^
        File "D:\Senait Doc\Portfolio Doc\orangehrm-playwright-bdd-automation\venv\Lib\site-packages\playwright\_impl\_frame.py", line 317, in wait_for_selector
          await self._channel.send("waitForSelector", locals_to_params(locals()))
        File "D:\Senait Doc\Portfolio Doc\orangehrm-playwright-bdd-automation\venv\Lib\site-packages\playwright\_impl\_connection.py", line 62, in send
          return await self._connection.wrap_api_call(
                 ^^^^^^^^^^^^^^^^^^^^^^^^^^^^^^^^^^^^^
        File "D:\Senait Doc\Portfolio Doc\orangehrm-playwright-bdd-automation\venv\Lib\site-packages\playwright\_impl\_connection.py", line 492, in wrap_api_call
          return await cb()
                 ^^^^^^^^^^
        File "D:\Senait Doc\Portfolio Doc\orangehrm-playwright-bdd-automation\venv\Lib\site-packages\playwright\_impl\_connection.py", line 100, in inner_send
          result = next(iter(done)).result()
                   ^^^^^^^^^^^^^^^^^^^^^^^^^
      playwright._impl._errors.TimeoutError: Timeout 30000ms exceeded.

    And I navigate to the Employee List page                       # None
    When I search for an employee with name "John"                 # None
    Then I should see search results displayed                     # None
    And the search results should contain the employee name "John" # None

  @search @invalid
  Scenario: Invalid / No-Result Search                                       # features/search.feature:17
    Given I am logged into OrangeHRM                                         # steps/search_steps.py:10
      Traceback (most recent call last):
        File "D:\Senait Doc\Portfolio Doc\orangehrm-playwright-bdd-automation\venv\Lib\site-packages\behave\model.py", line 1329, in run
          match.run(runner.context)
        File "D:\Senait Doc\Portfolio Doc\orangehrm-playwright-bdd-automation\venv\Lib\site-packages\behave\matchers.py", line 98, in run
          self.func(context, *args, **kwargs)
        File "steps\search_steps.py", line 15, in step_login
          login_page.login(USERNAME, PASSWORD)
        File "D:\Senait Doc\Portfolio Doc\orangehrm-playwright-bdd-automation\pages\login_page.py", line 35, in login
          wait_for_element_visible(self.page, self.username_input)
        File "D:\Senait Doc\Portfolio Doc\orangehrm-playwright-bdd-automation\utils\helpers.py", line 41, in wait_for_element_visible
          page.wait_for_selector(selector, state="visible", timeout=timeout)
        File "D:\Senait Doc\Portfolio Doc\orangehrm-playwright-bdd-automation\venv\Lib\site-packages\playwright\sync_api\_generated.py", line 8334, in wait_for_selector
          self._sync(
        File "D:\Senait Doc\Portfolio Doc\orangehrm-playwright-bdd-automation\venv\Lib\site-packages\playwright\_impl\_sync_base.py", line 115, in _sync
          return task.result()
                 ^^^^^^^^^^^^^
        File "D:\Senait Doc\Portfolio Doc\orangehrm-playwright-bdd-automation\venv\Lib\site-packages\playwright\_impl\_page.py", line 348, in wait_for_selector
          return await self._main_frame.wait_for_selector(**locals_to_params(locals()))
                 ^^^^^^^^^^^^^^^^^^^^^^^^^^^^^^^^^^^^^^^^^^^^^^^^^^^^^^^^^^^^^^^^^^^^^^
        File "D:\Senait Doc\Portfolio Doc\orangehrm-playwright-bdd-automation\venv\Lib\site-packages\playwright\_impl\_frame.py", line 317, in wait_for_selector
          await self._channel.send("waitForSelector", locals_to_params(locals()))
        File "D:\Senait Doc\Portfolio Doc\orangehrm-playwright-bdd-automation\venv\Lib\site-packages\playwright\_impl\_connection.py", line 62, in send
          return await self._connection.wrap_api_call(
                 ^^^^^^^^^^^^^^^^^^^^^^^^^^^^^^^^^^^^^
        File "D:\Senait Doc\Portfolio Doc\orangehrm-playwright-bdd-automation\venv\Lib\site-packages\playwright\_impl\_connection.py", line 492, in wrap_api_call
          return await cb()
                 ^^^^^^^^^^
        File "D:\Senait Doc\Portfolio Doc\orangehrm-playwright-bdd-automation\venv\Lib\site-packages\playwright\_impl\_connection.py", line 100, in inner_send
          result = next(iter(done)).result()
                   ^^^^^^^^^^^^^^^^^^^^^^^^^
      playwright._impl._errors.TimeoutError: Timeout 30000ms exceeded.

    And I navigate to the Employee List page                                 # None
    When I search for an employee with invalid name "NonExistentEmployee123" # None
    Then I should see "No Records Found" message                             # None
    And no search results should be displayed                                # None

  @search @filter
  Scenario: Filter-Based Search Validation                      # features/search.feature:23
    Given I am logged into OrangeHRM                            # steps/search_steps.py:10
      Traceback (most recent call last):
        File "D:\Senait Doc\Portfolio Doc\orangehrm-playwright-bdd-automation\venv\Lib\site-packages\behave\model.py", line 1329, in run
          match.run(runner.context)
        File "D:\Senait Doc\Portfolio Doc\orangehrm-playwright-bdd-automation\venv\Lib\site-packages\behave\matchers.py", line 98, in run
          self.func(context, *args, **kwargs)
        File "steps\search_steps.py", line 15, in step_login
          login_page.login(USERNAME, PASSWORD)
        File "D:\Senait Doc\Portfolio Doc\orangehrm-playwright-bdd-automation\pages\login_page.py", line 35, in login
          wait_for_element_visible(self.page, self.username_input)
        File "D:\Senait Doc\Portfolio Doc\orangehrm-playwright-bdd-automation\utils\helpers.py", line 41, in wait_for_element_visible
          page.wait_for_selector(selector, state="visible", timeout=timeout)
        File "D:\Senait Doc\Portfolio Doc\orangehrm-playwright-bdd-automation\venv\Lib\site-packages\playwright\sync_api\_generated.py", line 8334, in wait_for_selector
          self._sync(
        File "D:\Senait Doc\Portfolio Doc\orangehrm-playwright-bdd-automation\venv\Lib\site-packages\playwright\_impl\_sync_base.py", line 115, in _sync
          return task.result()
                 ^^^^^^^^^^^^^
        File "D:\Senait Doc\Portfolio Doc\orangehrm-playwright-bdd-automation\venv\Lib\site-packages\playwright\_impl\_page.py", line 348, in wait_for_selector
          return await self._main_frame.wait_for_selector(**locals_to_params(locals()))
                 ^^^^^^^^^^^^^^^^^^^^^^^^^^^^^^^^^^^^^^^^^^^^^^^^^^^^^^^^^^^^^^^^^^^^^^
        File "D:\Senait Doc\Portfolio Doc\orangehrm-playwright-bdd-automation\venv\Lib\site-packages\playwright\_impl\_frame.py", line 317, in wait_for_selector
          await self._channel.send("waitForSelector", locals_to_params(locals()))
        File "D:\Senait Doc\Portfolio Doc\orangehrm-playwright-bdd-automation\venv\Lib\site-packages\playwright\_impl\_connection.py", line 62, in send
          return await self._connection.wrap_api_call(
                 ^^^^^^^^^^^^^^^^^^^^^^^^^^^^^^^^^^^^^
        File "D:\Senait Doc\Portfolio Doc\orangehrm-playwright-bdd-automation\venv\Lib\site-packages\playwright\_impl\_connection.py", line 492, in wrap_api_call
          return await cb()
                 ^^^^^^^^^^
        File "D:\Senait Doc\Portfolio Doc\orangehrm-playwright-bdd-automation\venv\Lib\site-packages\playwright\_impl\_connection.py", line 100, in inner_send
          result = next(iter(done)).result()
                   ^^^^^^^^^^^^^^^^^^^^^^^^^
      playwright._impl._errors.TimeoutError: Timeout 30000ms exceeded.

    And I navigate to the Employee List page                    # None
    When I apply employment status filter "Full-Time Permanent" # None
    And I click the search button                               # None
    Then I should see filtered search results                   # None
    And all results should match the applied filter             # None

